# Int型の最大値前後と最小値前後
2147483646
2147483647
2147483648
0
–2147483647
–2147483648
–2147483649

# 記号・文字
!#$%&'()\"-=^~\\|[{]}@`:*;+,<.>/?_
ヲンヰヱヴーヾ・ｧｰｭｿﾏﾞﾟ
㌶Ⅲ⑳㏾☎㈱髙﨑
𠀋𡈽𡌛𡑮𡢽𠮟𡚴𡸴𣇄𣗄
¢£¬‖−〜―
🍣🍕🍺
1z2y3x

